\BOOKMARK [1][-]{section.1}{\376\377\000I\000n\000t\000r\000o\000d\000u\000c\000t\000i\000o\000n}{}% 1
\BOOKMARK [2][-]{subsection.1.1}{\376\377\000P\000r\000o\000b\000l\000\351\000m\000a\000t\000i\000q\000u\000e\000\040\000e\000t\000\040\000o\000b\000j\000e\000c\000t\000i\000f\000s}{section.1}% 2
\BOOKMARK [2][-]{subsection.1.2}{\376\377\000C\000o\000n\000t\000e\000x\000t\000e\000\040\040\024\000\040\000V\000E\000R\000I\000S}{section.1}% 3
\BOOKMARK [2][-]{subsection.1.3}{\376\377\000C\000o\000n\000t\000e\000x\000t\000e\000\040\040\024\000\040\000M\000I\000T\000R\000E\000\040\000A\000T\000T\000\046\000C\000K}{section.1}% 4
\BOOKMARK [2][-]{subsection.1.4}{\376\377\000C\000o\000n\000t\000e\000x\000t\000e\000\040\040\024\000\040\000L\000e\000\040\000m\000a\000p\000p\000i\000n\000g}{section.1}% 5
\BOOKMARK [2][-]{subsection.1.5}{\376\377\000C\000o\000n\000t\000e\000x\000t\000e\000\040\040\024\000\040\000L\000e\000s\000\040\0007\000\040\000c\000a\000p\000a\000b\000i\000l\000i\000t\000y\000\040\000g\000r\000o\000u\000p\000s}{section.1}% 6
\BOOKMARK [2][-]{subsection.1.6}{\376\377\000C\000o\000n\000t\000e\000x\000t\000e\000\040\040\024\000\040\000V\000e\000r\000s\000i\000o\000n\000s\000\040\000e\000t\000\040\000f\000o\000r\000m\000a\000t\000s\000\040\000d\000e\000\040\000d\000o\000n\000n\000\351\000e\000s}{section.1}% 7
\BOOKMARK [1][-]{section.2}{\376\377\000M\000\351\000t\000h\000o\000d\000o\000l\000o\000g\000i\000e}{}% 8
\BOOKMARK [2][-]{subsection.2.1}{\376\377\000L\000a\000\040\000m\000\351\000t\000h\000o\000d\000e\000\040\000a\000c\000t\000u\000e\000l\000l\000e\000\040\000d\000e\000\040\000m\000a\000p\000p\000i\000n\000g}{section.2}% 9
\BOOKMARK [2][-]{subsection.2.2}{\376\377\000\311\000t\000a\000t\000\040\000d\000e\000\040\000l\000'\000a\000r\000t\000\040\040\024\000\040\000A\000l\000a\000r\000m\000e\000s\000\040\000S\000I\000E\000M\000\040\000e\000t\000\040\000m\000o\000d\000\350\000l\000e\000\040\000R\000E\000A\000C\000T}{section.2}% 10
\BOOKMARK [2][-]{subsection.2.3}{\376\377\000\311\000t\000a\000t\000\040\000d\000e\000\040\000l\000'\000a\000r\000t\000\040\040\024\000\040\000O\000n\000t\000o\000l\000o\000g\000i\000e\000s\000\040\000e\000t\000\040\000u\000n\000i\000f\000i\000c\000a\000t\000i\000o\000n\000\040\000\050\000U\000C\000O\000\051}{section.2}% 11
\BOOKMARK [2][-]{subsection.2.4}{\376\377\000\311\000t\000a\000t\000\040\000d\000e\000\040\000l\000'\000a\000r\000t\000\040\040\024\000\040\000A\000p\000p\000r\000o\000c\000h\000e\000s\000\040\000I\000A\000\040\000p\000o\000u\000r\000\040\000l\000'\000a\000l\000i\000g\000n\000e\000m\000e\000n\000t\000\040\000s\000\351\000m\000a\000n\000t\000i\000q\000u\000e}{section.2}% 12
\BOOKMARK [2][-]{subsection.2.5}{\376\377\000N\000o\000t\000r\000e\000\040\000p\000i\000p\000e\000l\000i\000n\000e}{section.2}% 13
\BOOKMARK [3][-]{subsubsection.2.5.1}{\376\377\000A\000r\000c\000h\000i\000t\000e\000c\000t\000u\000r\000e\000\040\000d\000u\000\040\000p\000r\000o\000j\000e\000t}{subsection.2.5}% 14
\BOOKMARK [1][-]{section.3}{\376\377\000S\000o\000l\000u\000t\000i\000o\000n}{}% 15
\BOOKMARK [2][-]{subsection.3.1}{\376\377\000S\000o\000l\000u\000t\000i\000o\000n\000\040\000R\000A\000G}{section.3}% 16
\BOOKMARK [3][-]{subsubsection.3.1.1}{\376\377\000P\000r\000i\000n\000c\000i\000p\000e}{subsection.3.1}% 17
\BOOKMARK [3][-]{subsubsection.3.1.2}{\376\377\000F\000l\000u\000x\000\040\000p\000a\000r\000\040\000c\000a\000p\000a\000c\000i\000t\000\351\000\040\000V\000E\000R\000I\000S}{subsection.3.1}% 18
\BOOKMARK [3][-]{subsubsection.3.1.3}{\376\377\000D\000e\000u\000x\000\040\000v\000a\000r\000i\000a\000n\000t\000e\000s\000\040\000e\000x\000p\000\351\000r\000i\000m\000e\000n\000t\000\351\000e\000s}{subsection.3.1}% 19
\BOOKMARK [3][-]{subsubsection.3.1.4}{\376\377\000M\000o\000d\000u\000l\000e\000s\000\040\000l\000o\000g\000i\000c\000i\000e\000l\000s}{subsection.3.1}% 20
\BOOKMARK [3][-]{subsubsection.3.1.5}{\376\377\000T\000e\000c\000h\000n\000o\000l\000o\000g\000i\000e\000s\000\040\000e\000t\000\040\000c\000o\000n\000f\000i\000g\000u\000r\000a\000t\000i\000o\000n}{subsection.3.1}% 21
\BOOKMARK [3][-]{subsubsection.3.1.6}{\376\377\000F\000o\000r\000m\000a\000t\000\040\000d\000e\000\040\000s\000o\000r\000t\000i\000e}{subsection.3.1}% 22
\BOOKMARK [2][-]{subsection.3.2}{\376\377\000S\000o\000l\000u\000t\000i\000o\000n\000\040\000F\000i\000n\000e\000-\000t\000u\000n\000e}{section.3}% 23
\BOOKMARK [2][-]{subsection.3.3}{\376\377\000S\000o\000l\000u\000t\000i\000o\000n\000\040\000P\000R\000O\000M\000P\000T}{section.3}% 24
\BOOKMARK [2][-]{subsection.3.4}{\376\377\000S\000y\000n\000t\000h\000\350\000s\000e\000\040\000d\000e\000s\000\040\000t\000r\000o\000i\000s\000\040\000s\000o\000l\000u\000t\000i\000o\000n\000s}{section.3}% 25
\BOOKMARK [1][-]{section.4}{\376\377\000R\000\351\000s\000u\000l\000t\000a\000t\000s}{}% 26
\BOOKMARK [2][-]{subsection.4.1}{\376\377\000C\000o\000n\000f\000i\000g\000u\000r\000a\000t\000i\000o\000n\000\040\000e\000x\000p\000\351\000r\000i\000m\000e\000n\000t\000a\000l\000e}{section.4}% 27
\BOOKMARK [2][-]{subsection.4.2}{\376\377\000R\000\351\000s\000u\000l\000t\000a\000t\000s\000\040\040\024\000\040\000S\000o\000l\000u\000t\000i\000o\000n\000\040\000R\000A\000G}{section.4}% 28
\BOOKMARK [2][-]{subsection.4.3}{\376\377\000R\000\351\000s\000u\000l\000t\000a\000t\000s\000\040\040\024\000\040\000S\000o\000l\000u\000t\000i\000o\000n\000\040\000F\000i\000n\000e\000-\000t\000u\000n\000e}{section.4}% 29
\BOOKMARK [2][-]{subsection.4.4}{\376\377\000R\000\351\000s\000u\000l\000t\000a\000t\000s\000\040\040\024\000\040\000S\000o\000l\000u\000t\000i\000o\000n\000\040\000P\000R\000O\000M\000P\000T}{section.4}% 30
\BOOKMARK [1][-]{section.5}{\376\377\000D\000i\000s\000c\000u\000s\000s\000i\000o\000n}{}% 31
\BOOKMARK [1][-]{section.6}{\376\377\000C\000o\000n\000c\000l\000u\000s\000i\000o\000n}{}% 32
